[www.definitions-marketing.com/index.html]
[backblue.gif]
[fade.gif]
[index.html]
[www.definitions-marketing.com/lettre-b/index.html]
[www.definitions-marketing.com/lettre-a/index.html]
[www.definitions-marketing.com/index.html]
[www.definitions-marketing.com/lettre-d/index.html]
[www.definitions-marketing.com/lettre-c/index.html]
[www.definitions-marketing.com/lettre-e/index.html]
[www.definitions-marketing.com/lettre-a/index.html]
[www.definitions-marketing.com/lettre-f/index.html]
[www.definitions-marketing.com/lettre-g/index.html]
[www.definitions-marketing.com/lettre-h/index.html]
[www.definitions-marketing.com/lettre-b/index.html]
[www.definitions-marketing.com/lettre-j/index.html]
[www.definitions-marketing.com/lettre-i/index.html]
[www.definitions-marketing.com/lettre-k/index.html]
[www.definitions-marketing.com/lettre-l/index.html]
[www.definitions-marketing.com/lettre-c/index.html]
[www.definitions-marketing.com/lettre-n/index.html]
[www.definitions-marketing.com/lettre-m/index.html]
[www.definitions-marketing.com/lettre-o/index.html]
[www.definitions-marketing.com/lettre-p/index.html]
[www.definitions-marketing.com/lettre-d/index.html]
[www.definitions-marketing.com/lettre-r/index.html]
[www.definitions-marketing.com/lettre-q/index.html]
[www.definitions-marketing.com/lettre-s/index.html]
[www.definitions-marketing.com/lettre-t/index.html]
[www.definitions-marketing.com/lettre-e/index.html]
[www.definitions-marketing.com/lettre-v/index.html]
[www.definitions-marketing.com/lettre-u/index.html]
[www.definitions-marketing.com/lettre-w/index.html]
[www.definitions-marketing.com/lettre-x/index.html]
[www.definitions-marketing.com/lettre-f/index.html]
[www.definitions-marketing.com/lettre-z/index.html]
[www.definitions-marketing.com/lettre-y/index.html]
[www.definitions-marketing.com/category/blog/index.html]
[www.definitions-marketing.com/video/index.html]
[www.definitions-marketing.com/quiz/index.html]
[www.definitions-marketing.com/presentation/index.html]
[www.definitions-marketing.com/lettre-g/index.html]
[www.definitions-marketing.com/tests-astuces/index.html]
[www.definitions-marketing.com/formations-en-ligne/index.html]
[www.definitions-marketing.com/glossaire/1001-marketing/index.html]
[www.definitions-marketing.com/glossaire/guerilla-marketing/index.html]
[www.definitions-marketing.com/lettre-h/index.html]
[www.definitions-marketing.com/glossaire/distribution-marche/index.html]
[www.definitions-marketing.com/glossaire/formes-de-commerces-et-de-distributions/index.html]
[www.definitions-marketing.com/glossaire/franchise/index.html]
[www.definitions-marketing.com/lettre-i/index.html]
[www.definitions-marketing.com/glossaire/grande-distribution/index.html]
[www.definitions-marketing.com/glossaire/droit-et-deontologie/index.html]
[www.definitions-marketing.com/glossaire/e-commerce-conversion/index.html]
[www.definitions-marketing.com/lettre-j/index.html]
[www.definitions-marketing.com/glossaire/ergonomie-et-web-design/index.html]
[www.definitions-marketing.com/glossaire/affiliation-comparateurs/index.html]
[www.definitions-marketing.com/lettre-k/index.html]
[www.definitions-marketing.com/glossaire/ab-testing-web-e-commerce/index.html]
[www.definitions-marketing.com/glossaire/web-analytique/index.html]
[www.definitions-marketing.com/lettre-l/index.html]
[www.definitions-marketing.com/glossaire/email-marketing/index.html]
[www.definitions-marketing.com/glossaire/attribution-marketing/index.html]
[www.definitions-marketing.com/glossaire/delivrabilite-rendering/index.html]
[www.definitions-marketing.com/glossaire/lemail-marketing-en-50-def/index.html]
[www.definitions-marketing.com/lettre-m/index.html]
[www.definitions-marketing.com/glossaire/kpi-emailing/index.html]
[www.definitions-marketing.com/glossaire/email-en-acquisition/index.html]
[www.definitions-marketing.com/glossaire/environnement-digital/index.html]
[www.definitions-marketing.com/lettre-n/index.html]
[www.definitions-marketing.com/glossaire/economie-digitale/index.html]
[www.definitions-marketing.com/glossaire/technologies-digitales/index.html]
[www.definitions-marketing.com/lettre-o/index.html]
[www.definitions-marketing.com/glossaire/domaine-hebergement/index.html]
[www.definitions-marketing.com/glossaire/face-obscure-webmarketing/index.html]
[www.definitions-marketing.com/glossaire/etudes-consommateur/index.html]
[www.definitions-marketing.com/lettre-p/index.html]
[www.definitions-marketing.com/glossaire/etudes-qualitatives/index.html]
[www.definitions-marketing.com/glossaire/comportement-consommateur/index.html]
[www.definitions-marketing.com/glossaire/fidelisation-crm-crc/index.html]
[www.definitions-marketing.com/glossaire/etudes-quantitatives/index.html]
[www.definitions-marketing.com/lettre-q/index.html]
[www.definitions-marketing.com/glossaire/centre-relation-client/index.html]
[www.definitions-marketing.com/glossaire/support-client/index.html]
[www.definitions-marketing.com/glossaire/liens-commerciaux-adwords/index.html]
[www.definitions-marketing.com/glossaire/fidelisation-satisfaction/index.html]
[www.definitions-marketing.com/glossaire/content-marketing-b2b/index.html]
[www.definitions-marketing.com/glossaire/marketing-b-to-b/index.html]
[www.definitions-marketing.com/lettre-r/index.html]
[www.definitions-marketing.com/glossaire/social-selling-linkedin-marketing/index.html]
[www.definitions-marketing.com/glossaire/lead-management/index.html]
[www.definitions-marketing.com/glossaire/le-b2b-en-50-def/index.html]
[www.definitions-marketing.com/glossaire/rp-marketing-dinfluence/index.html]
[www.definitions-marketing.com/glossaire/marketing-des-donnees/index.html]
[www.definitions-marketing.com/lettre-s/index.html]
[www.definitions-marketing.com/glossaire/marketing-du-luxe/index.html]
[www.definitions-marketing.com/glossaire/marketing-direct/index.html]
[www.definitions-marketing.com/glossaire/marketing-hotelier/index.html]
[www.definitions-marketing.com/glossaire/marketing-mobile/index.html]
[www.definitions-marketing.com/lettre-t/index.html]
[www.definitions-marketing.com/glossaire/marketing-point-de-vente/index.html]
[www.definitions-marketing.com/glossaire/applications-mobiles/index.html]
[www.definitions-marketing.com/glossaire/plv/index.html]
[www.definitions-marketing.com/lettre-u/index.html]
[www.definitions-marketing.com/glossaire/digitalisation-du-point-de-vente/index.html]
[www.definitions-marketing.com/glossaire/merchandising-gestion-du-lineaire/index.html]
[www.definitions-marketing.com/glossaire/marketing-sponsoring-sportif/index.html]
[www.definitions-marketing.com/lettre-v/index.html]
[www.definitions-marketing.com/glossaire/facebook-marketing/index.html]
[www.definitions-marketing.com/glossaire/marketing-viral-et-social/index.html]
[www.definitions-marketing.com/glossaire/twitter-marketing/index.html]
[www.definitions-marketing.com/lettre-w/index.html]
[www.definitions-marketing.com/glossaire/social-listening-marketing-viral-et-social/index.html]
[www.definitions-marketing.com/glossaire/youtube-marketing/index.html]
[www.definitions-marketing.com/glossaire/marque/index.html]
[www.definitions-marketing.com/lettre-x/index.html]
[www.definitions-marketing.com/glossaire/depot-et-protection-de-la-marque/index.html]
[www.definitions-marketing.com/glossaire/typologie-de-marques/index.html]
[www.definitions-marketing.com/glossaire/la-marque-en-50-def/index.html]
[www.definitions-marketing.com/glossaire/metiers-prestataires/index.html]
[www.definitions-marketing.com/glossaire/prestataires-marketing/index.html]
[www.definitions-marketing.com/lettre-y/index.html]
[www.definitions-marketing.com/glossaire/metiers-de-la-publicite/index.html]
[www.definitions-marketing.com/glossaire/metiers-du-marketing/index.html]
[www.definitions-marketing.com/glossaire/organisations-marketing/index.html]
[www.definitions-marketing.com/lettre-z/index.html]
[www.definitions-marketing.com/glossaire/psychologie-du-prix/index.html]
[www.definitions-marketing.com/glossaire/prix-marges-couts/index.html]
[www.definitions-marketing.com/glossaire/produit/index.html]
[www.definitions-marketing.com/category/blog/index.html]
[www.definitions-marketing.com/glossaire/promotion-des-ventes/index.html]
[www.definitions-marketing.com/glossaire/packaging-et-emballage/index.html]
[www.definitions-marketing.com/glossaire/efficacite-promotionelle/index.html]
[www.definitions-marketing.com/glossaire/gestion-promotionnelle/index.html]
[www.definitions-marketing.com/glossaire/la-promo-en-50-def/index.html]
[www.definitions-marketing.com/video/index.html]
[www.definitions-marketing.com/glossaire/publicite-presse-papier/index.html]
[www.definitions-marketing.com/glossaire/publicite-media/index.html]
[www.definitions-marketing.com/glossaire/publicite-display-et-video-sur-internet/index.html]
[www.definitions-marketing.com/glossaire/retargeting/index.html]
[www.definitions-marketing.com/presentation/index.html]
[www.definitions-marketing.com/glossaire/publicite-exterieure-affichage/index.html]
[www.definitions-marketing.com/glossaire/publicite-tv/index.html]
[www.definitions-marketing.com/glossaire/mediaplanning-tv/index.html]
[www.definitions-marketing.com/quiz/index.html]
[www.definitions-marketing.com/glossaire/medias-tactiques/index.html]
[www.definitions-marketing.com/glossaire/efficacite-publicitaire/index.html]
[www.definitions-marketing.com/glossaire/radio/index.html]
[www.definitions-marketing.com/glossaire/referencement-naturel-seo/index.html]
[www.definitions-marketing.com/glossaire/vie-dagence/index.html]
[www.definitions-marketing.com/media/files/fiche-ga41.pdf]
[www.definitions-marketing.com/formations-en-ligne/index.html]
[www.definitions-marketing.com/glossaire/seo-black-hat/index.html]
[www.definitions-marketing.com/glossaire/le-seo-en-50-def/index.html]
[www.definitions-marketing.com/tests-astuces/index.html]
[www.definitions-marketing.com/glossaire/anatomie-serp/index.html]
[www.definitions-marketing.com/glossaire/netlinking-backlinking/index.html]
[www.definitions-marketing.com/glossaire/seo-on-site-on-page/index.html]
[www.definitions-marketing.com/glossaire/1001-marketing/index.html]
[www.definitions-marketing.com/glossaire/algos-indexation/index.html]
[www.definitions-marketing.com/glossaire/seo-technique/index.html]
[www.definitions-marketing.com/glossaire/rp-evenementiel/index.html]
[www.definitions-marketing.com/glossaire/guerilla-marketing/index.html]
[www.definitions-marketing.com/glossaire/salons-foires/index.html]
[www.definitions-marketing.com/glossaire/evenementiel/index.html]
[www.definitions-marketing.com/glossaire/communication-de-crise/index.html]
[www.definitions-marketing.com/glossaire/techniques-et-forces-de-vente/index.html]
[www.definitions-marketing.com/glossaire/negociation-vente/index.html]
[www.definitions-marketing.com/glossaire/distribution-marche/index.html]
[www.definitions-marketing.com/glossaire/dictionnaire-anglais/index.html]
[www.definitions-marketing.com/glossaire/zautres-glossaires/index.html]
[www.definitions-marketing.com/glossaire/inclassables/index.html]
[www.definitions-marketing.com/glossaire/formes-de-commerces-et-de-distributions/index.html]
[www.definitions-marketing.com/glossaire/glossaires-en-chantier/index.html]
[www.definitions-marketing.com/glossaire/marketing-sensoriel/index.html]
[www.definitions-marketing.com/glossaire/economie-de-la-start-up/index.html]
[www.definitions-marketing.com/glossaire/programmatique-et-rtb/index.html]
[www.definitions-marketing.com/glossaire/panels/index.html]
[www.definitions-marketing.com/glossaire/franchise/index.html]
[www.definitions-marketing.com/glossaire/outils-logiciels-seo/index.html]
[www.definitions-marketing.com/glossaire/marketing-de-la-mode/index.html]
[www.definitions-marketing.com/glossaire/acronymes-seo/index.html]
[www.definitions-marketing.com/glossaire/grande-distribution/index.html]
[www.definitions-marketing.com/POST/index.html]
[www.definitions-marketing.com/glossaire-conseils/index.html]
[www.definitions-marketing.com/definition/createur-de-contenu/index.html]
[www.definitions-marketing.com/glossaire/droit-et-deontologie/index.html]
[www.definitions-marketing.com/definition/oui-pub/index.html]
[www.definitions-marketing.com/definition/data-clean-room/index.html]
[www.definitions-marketing.com/definition/marketing-ethique/index.html]
[www.definitions-marketing.com/glossaire/e-commerce-conversion/index.html]
[www.definitions-marketing.com/definition/hypno-marketing/index.html]
[www.definitions-marketing.com/definition/zero-party-data/index.html]
[www.definitions-marketing.com/definition/economie-de-lemotion/index.html]
[www.definitions-marketing.com/definition/analyse-des-intonations/index.html]
[www.definitions-marketing.com/glossaire/affiliation-comparateurs/index.html]
[www.definitions-marketing.com/definition/publicite-asmr/index.html]
[www.definitions-marketing.com/definition/captologie/index.html]
[www.definitions-marketing.com/video/video-229-l-affichage-camion/index.html]
[www.definitions-marketing.com/glossaire/ergonomie-et-web-design/index.html]
[www.definitions-marketing.com/video/video-227-utilisation-des-donnees-dans-les-campagnes-google-shopping/index.html]
[www.definitions-marketing.com/video/video-228-le-dooh-programmatique/index.html]
[www.definitions-marketing.com/presentation/la-prez-115-barometre-du-social-selling/index.html]
[www.definitions-marketing.com/presentation/la-prez-114-impact-de-la-duree-dexpositon/index.html]
[www.definitions-marketing.com/presentation/la-prez-113-astuces-seo-via-google-ads/index.html]
[www.definitions-marketing.com/glossaire/web-analytique/index.html]
[www.definitions-marketing.com/f-a-q-marketing/combien-coute-le-depot-d-une-marque-a-l-inpi/index.html]
[www.definitions-marketing.com/tests-astuces/captologie/index.html]
[www.definitions-marketing.com/f-a-q-marketing/combien-coute-une-publicite-pendant-le-superbowl/index.html]
[www.definitions-marketing.com/f-a-q-marketing/quel-est-le-cout-dun-clic-cpc-sur-une-annonce-google-ads/index.html]
[www.definitions-marketing.com/f-a-q-marketing/quel-est-limpact-des-avis-et-notes-clients-sur-une-annonce-google-ads/index.html]
[www.definitions-marketing.com/glossaire/ab-testing-web-e-commerce/index.html]
[www.definitions-marketing.com/roas-de-campagne-marketing-un-indicateur-populaire-mais-peu-significatif/index.html]
[www.definitions-marketing.com/f-a-q-marketing/peut-on-acheter-une-marque-concurrente-en-mot-cle-sur-adwords/index.html]
[www.definitions-marketing.com/prospectus-digitaux-vers-la-mort-1000-fois-annoncee-des-versions-papier/index.html]
[www.definitions-marketing.com/orthographe-et-syntaxe-nouvelles-competences-commerciales-et-marketing/index.html]
[www.definitions-marketing.com/glossaire/attribution-marketing/index.html]
[www.definitions-marketing.com/quiz/marketing-des-applications-mobiles/index.html]
[www.definitions-marketing.com/quiz/parlez-vous-youtubeur-influenceur/index.html]
[www.definitions-marketing.com/quiz/chiffres-et-usages-des-applications-mobiles/index.html]
[www.definitions-marketing.com/f-a-q-marketing/index.html]
[www.definitions-marketing.com/auteur/index.html]
[www.definitions-marketing.com/glossaire/email-marketing/index.html]
[www.definitions-marketing.com/mentions-legales/index.html]
[www.definitions-marketing.com/reglementation-generale-de-la-protection-des-donnees/index.html]
[www.definitions-marketing.com/lettre/index.html]
[www.definitions-marketing.com/lettre-a/POST/index.html]
[www.definitions-marketing.com/glossaire/delivrabilite-rendering/index.html]
[www.definitions-marketing.com/definition/aa-testing/index.html]
[www.definitions-marketing.com/definition/a-b-test/index.html]
[www.definitions-marketing.com/definition/a-b-testing/index.html]
[www.definitions-marketing.com/glossaire/lemail-marketing-en-50-def/index.html]
[www.definitions-marketing.com/definition/ab-testing-de-prix/index.html]
[www.definitions-marketing.com/definition/a/b-testing-d-objet-email/index.html]
[www.definitions-marketing.com/definition/ab-testing-e-commerce/index.html]
[www.definitions-marketing.com/glossaire/kpi-emailing/index.html]
[www.definitions-marketing.com/definition/ab-testing-en-publicite-tv/index.html]
[www.definitions-marketing.com/definition/ab-testing-en-emailing/index.html]
[www.definitions-marketing.com/glossaire/email-en-acquisition/index.html]
[www.definitions-marketing.com/definition/ab-testing-adwords/index.html]
[www.definitions-marketing.com/definition/ab-testing-editorial/index.html]
[www.definitions-marketing.com/definition/ab-testing-mobile/index.html]
[www.definitions-marketing.com/definition/ab-testing-promotionnel/index.html]
[www.definitions-marketing.com/definition/abtesting-video/index.html]
[www.definitions-marketing.com/definition/_-les-quiz-seo/index.html]
[www.definitions-marketing.com/glossaire/environnement-digital/index.html]
[www.definitions-marketing.com/definition/aacc/index.html]
[www.definitions-marketing.com/definition/aaid/index.html]
[www.definitions-marketing.com/glossaire/economie-digitale/index.html]
[www.definitions-marketing.com/definition/abandon-d-appel/index.html]
[www.definitions-marketing.com/definition/aarrr/index.html]
[www.definitions-marketing.com/definition/abandon-de-caddie/index.html]
[www.definitions-marketing.com/definition/abandon-de-formulaire/index.html]
[www.definitions-marketing.com/glossaire/technologies-digitales/index.html]
[www.definitions-marketing.com/definition/abandonniste/index.html]
[www.definitions-marketing.com/definition/abandon-de-panier/index.html]
[www.definitions-marketing.com/definition/abattement-professionnel/index.html]
[www.definitions-marketing.com/glossaire/domaine-hebergement/index.html]
[www.definitions-marketing.com/definition/abc/index.html]
[www.definitions-marketing.com/definition/abm/index.html]
[www.definitions-marketing.com/definition/abonnement-livraison/index.html]
[www.definitions-marketing.com/glossaire/face-obscure-webmarketing/index.html]
[www.definitions-marketing.com/definition/abonnement-premium/index.html]
[www.definitions-marketing.com/definition/abonnement-newsletter-incentive/index.html]
[www.definitions-marketing.com/definition/abonnement-premium-e-commerce/index.html]
[www.definitions-marketing.com/definition/abonne-fantome/index.html]
[www.definitions-marketing.com/glossaire/etudes-consommateur/index.html]
[www.definitions-marketing.com/definition/above-the-fold/index.html]
[www.definitions-marketing.com/definition/abonne-inactif/index.html]
[www.definitions-marketing.com/definition/above-the-line/index.html]
[www.definitions-marketing.com/definition/abribus-evenementiel/index.html]
[www.definitions-marketing.com/glossaire/comportement-consommateur/index.html]
[www.definitions-marketing.com/definition/absd/index.html]
[www.definitions-marketing.com/definition/abribus-publicitaire/index.html]
[www.definitions-marketing.com/glossaire/etudes-qualitatives/index.html]
[www.definitions-marketing.com/definition/abus-de-faiblesse/index.html]
[www.definitions-marketing.com/definition/abus-de-dependance/index.html]
[www.definitions-marketing.com/definition/abuse-desk/index.html]
[www.definitions-marketing.com/definition/abus-de-position-dominante/index.html]
[www.definitions-marketing.com/definition/academie-des-createurs-producteurs-youtube/index.html]
[www.definitions-marketing.com/glossaire/etudes-quantitatives/index.html]
[www.definitions-marketing.com/definition/acceptation-par-le-marche/index.html]
[www.definitions-marketing.com/definition/access-panel/index.html]
[www.definitions-marketing.com/definition/access-panel-internet/index.html]
[www.definitions-marketing.com/glossaire/fidelisation-crm-crc/index.html]
[www.definitions-marketing.com/definition/access-prime-time/index.html]
[www.definitions-marketing.com/definition/access-panel-specialise/index.html]
[www.definitions-marketing.com/definition/accessibilite-produit/index.html]
[www.definitions-marketing.com/definition/accessibilite-produit-e-commerce/index.html]
[www.definitions-marketing.com/glossaire/support-client/index.html]
[www.definitions-marketing.com/definition/acces-direct/index.html]
[www.definitions-marketing.com/definition/accessibilite-web/index.html]
[www.definitions-marketing.com/definition/accelerateur/index.html]
[www.definitions-marketing.com/definition/accord-de-distribution/index.html]
[www.definitions-marketing.com/glossaire/centre-relation-client/index.html]
[www.definitions-marketing.com/definition/accord-de-pose-plv/index.html]
[www.definitions-marketing.com/definition/accord-de-gamme/index.html]
[www.definitions-marketing.com/definition/account-based-advertising/index.html]
[www.definitions-marketing.com/definition/account-based-retargeting/index.html]
[www.definitions-marketing.com/glossaire/fidelisation-satisfaction/index.html]
[www.definitions-marketing.com/definition/account-manager/index.html]
[www.definitions-marketing.com/definition/account-based-sales-development/index.html]
[www.definitions-marketing.com/definition/account-manager-adwords/index.html]
[www.definitions-marketing.com/definition/account-manager-affiliation/index.html]
[www.definitions-marketing.com/glossaire/liens-commerciaux-adwords/index.html]
[www.definitions-marketing.com/definition/account-mapping/index.html]
[www.definitions-marketing.com/definition/account-based-marketing/index.html]
[www.definitions-marketing.com/definition/accroche-porte-publicitaire/index.html]
[www.definitions-marketing.com/glossaire/marketing-b-to-b/index.html]
[www.definitions-marketing.com/definition/accroche/index.html]
[www.definitions-marketing.com/definition/accueil-client/index.html]
[www.definitions-marketing.com/definition/acd/index.html]
[www.definitions-marketing.com/glossaire/content-marketing-b2b/index.html]
[www.definitions-marketing.com/definition/achalande/index.html]
[www.definitions-marketing.com/definition/achalandage/index.html]
[www.definitions-marketing.com/definition/achat-shopping-mains-libres/index.html]
[www.definitions-marketing.com/definition/achat-au-cout-grp/index.html]
[www.definitions-marketing.com/glossaire/lead-management/index.html]
[www.definitions-marketing.com/definition/achat-automatique/index.html]
[www.definitions-marketing.com/definition/achat-au-spot-a-spot/index.html]
[www.definitions-marketing.com/definition/achat-a-l-aveugle/index.html]
[www.definitions-marketing.com/definition/achat-d-art/index.html]
[www.definitions-marketing.com/glossaire/social-selling-linkedin-marketing/index.html]
[www.definitions-marketing.com/definition/achat-d-espace/index.html]
[www.definitions-marketing.com/definition/achat-d-audience/index.html]
[www.definitions-marketing.com/definition/plv-de-comptoir-2/index.html]
[www.definitions-marketing.com/definition/achat-d-impulsion/index.html]
[www.definitions-marketing.com/definition/achat-de-backlinks/index.html]
[www.definitions-marketing.com/glossaire/le-b2b-en-50-def/index.html]
[www.definitions-marketing.com/definition/achat-de-lien-en-dur/index.html]
[www.definitions-marketing.com/definition/achat-de-devoir/index.html]
[www.definitions-marketing.com/definition/achat-de-liens/index.html]
[www.definitions-marketing.com/definition/achat-de-mots-cles/index.html]
[www.definitions-marketing.com/definition/achat-de-sa-marque-en-mot-cle/index.html]
[www.definitions-marketing.com/glossaire/rp-marketing-dinfluence/index.html]
[www.definitions-marketing.com/definition/achat-de-trafic/index.html]
[www.definitions-marketing.com/definition/achat-de-trafic-editeur/index.html]
[www.definitions-marketing.com/definition/achat-de-vouloir/index.html]
[www.definitions-marketing.com/glossaire/marketing-des-donnees/index.html]
[www.definitions-marketing.com/definition/achat-fans-facebook/index.html]
[www.definitions-marketing.com/definition/achat-en-stand-alone/index.html]
[www.definitions-marketing.com/definition/achat-groupe/index.html]
[www.definitions-marketing.com/definition/achat-hedoniste/index.html]
[www.definitions-marketing.com/glossaire/marketing-direct/index.html]
[www.definitions-marketing.com/definition/achat-impulsif/index.html]
[www.definitions-marketing.com/definition/achat-impliquant/index.html]
[www.definitions-marketing.com/definition/achat-in-app/index.html]
[www.definitions-marketing.com/definition/achat-nom-de-domaine/index.html]
[www.definitions-marketing.com/definition/achat-oblatif/index.html]
[www.definitions-marketing.com/glossaire/marketing-du-luxe/index.html]
[www.definitions-marketing.com/definition/achat-parallele/index.html]
[www.definitions-marketing.com/definition/achat-programmatique/index.html]
[www.definitions-marketing.com/definition/achat-programmatique-audio/index.html]
[www.definitions-marketing.com/glossaire/marketing-hotelier/index.html]
[www.definitions-marketing.com/lettre-a/page/1/index.html]
[www.definitions-marketing.com/definition/achat-reflechi/index.html]
[www.definitions-marketing.com/lettre-a/page/2/index.html]
[www.definitions-marketing.com/lettre-a/page/3/index.html]
[www.definitions-marketing.com/glossaire/marketing-mobile/index.html]
[www.definitions-marketing.com/definition/b-to-a/index.html]
[www.definitions-marketing.com/lettre-b/POST/index.html]
[www.definitions-marketing.com/glossaire/applications-mobiles/index.html]
[www.definitions-marketing.com/definition/b-to-c/index.html]
[www.definitions-marketing.com/definition/b-to-b/index.html]
[www.definitions-marketing.com/definition/b-to-r/index.html]
[www.definitions-marketing.com/definition/b2a/index.html]
[www.definitions-marketing.com/definition/b2b/index.html]
[www.definitions-marketing.com/glossaire/marketing-point-de-vente/index.html]
[www.definitions-marketing.com/definition/b2b2c/index.html]
[www.definitions-marketing.com/definition/b2b2b/index.html]
[www.definitions-marketing.com/definition/b2c/index.html]
[www.definitions-marketing.com/definition/b2h/index.html]
[www.definitions-marketing.com/definition/bac-a-fouille/index.html]
[www.definitions-marketing.com/glossaire/plv/index.html]
[www.definitions-marketing.com/definition/back-office-ecommerce/index.html]
[www.definitions-marketing.com/definition/back-office/index.html]
[www.definitions-marketing.com/definition/back-out/index.html]
[www.definitions-marketing.com/definition/background-spoofing/index.html]
[www.definitions-marketing.com/glossaire/merchandising-gestion-du-lineaire/index.html]
[www.definitions-marketing.com/definition/backlink-contextuel/index.html]
[www.definitions-marketing.com/definition/backlink/index.html]
[www.definitions-marketing.com/definition/backlink-inorganique/index.html]
[www.definitions-marketing.com/glossaire/digitalisation-du-point-de-vente/index.html]
[www.definitions-marketing.com/definition/backlink-payant/index.html]
[www.definitions-marketing.com/definition/backlink-sitewide/index.html]
[www.definitions-marketing.com/definition/backlink-structurel/index.html]
[www.definitions-marketing.com/glossaire/marketing-sponsoring-sportif/index.html]
[www.definitions-marketing.com/definition/backlog-produit/index.html]
[www.definitions-marketing.com/definition/backlinking/index.html]
[www.definitions-marketing.com/definition/backorder-de-domaine/index.html]
[www.definitions-marketing.com/definition/backup-image/index.html]
[www.definitions-marketing.com/glossaire/marketing-viral-et-social/index.html]
[www.definitions-marketing.com/definition/bad-bot/index.html]
[www.definitions-marketing.com/definition/bad-buzz/index.html]
[www.definitions-marketing.com/definition/badbuzz-twitter/index.html]
[www.definitions-marketing.com/definition/bad-buzz-publicitaire/index.html]
[www.definitions-marketing.com/glossaire/facebook-marketing/index.html]
[www.definitions-marketing.com/definition/badvertising/index.html]
[www.definitions-marketing.com/definition/badge-de-communaute/index.html]
[www.definitions-marketing.com/glossaire/twitter-marketing/index.html]
[www.definitions-marketing.com/definition/bail-commercial/index.html]
[www.definitions-marketing.com/definition/bag-in-box/index.html]
[www.definitions-marketing.com/definition/bal/index.html]
[www.definitions-marketing.com/definition/balisage-de-donnee-structuree/index.html]
[www.definitions-marketing.com/glossaire/youtube-marketing/index.html]
[www.definitions-marketing.com/definition/balise-disallow/index.html]
[www.definitions-marketing.com/definition/balisage-de-lineaire/index.html]
[www.definitions-marketing.com/definition/balise-h1/index.html]
[www.definitions-marketing.com/glossaire/social-listening-marketing-viral-et-social/index.html]
[www.definitions-marketing.com/definition/balise-keywords/index.html]
[www.definitions-marketing.com/definition/balise-html/index.html]
[www.definitions-marketing.com/definition/balise-noindex/index.html]
[www.definitions-marketing.com/definition/balise-relauthor/index.html]
[www.definitions-marketing.com/glossaire/marque/index.html]
[www.definitions-marketing.com/definition/balise-remarketing-adwords/index.html]
[www.definitions-marketing.com/definition/balise-title/index.html]
[www.definitions-marketing.com/definition/balise-titre/index.html]
[www.definitions-marketing.com/glossaire/typologie-de-marques/index.html]
[www.definitions-marketing.com/definition/balises-semantiques/index.html]
[www.definitions-marketing.com/definition/balise-keyword-google-adwords/index.html]
[www.definitions-marketing.com/definition/balmetrie/index.html]
[www.definitions-marketing.com/definition/bancassurance/index.html]
[www.definitions-marketing.com/glossaire/depot-et-protection-de-la-marque/index.html]
[www.definitions-marketing.com/definition/bande-passante/index.html]
[www.definitions-marketing.com/definition/bande-de-cross-merchandising/index.html]
[www.definitions-marketing.com/definition/bandeau-banniere-daffiliation/index.html]
[www.definitions-marketing.com/definition/bandeau-de-cerclage/index.html]
[www.definitions-marketing.com/glossaire/la-marque-en-50-def/index.html]
[www.definitions-marketing.com/definition/bandeau-de-repiquage/index.html]
[www.definitions-marketing.com/definition/bandeau-de-gondole/index.html]
[www.definitions-marketing.com/definition/bandeau-de-reassurance/index.html]
[www.definitions-marketing.com/definition/bandeau-de-une/index.html]
[www.definitions-marketing.com/glossaire/metiers-prestataires/index.html]
[www.definitions-marketing.com/definition/bandeau-publicitaire/index.html]
[www.definitions-marketing.com/definition/bandeau-extensible/index.html]
[www.definitions-marketing.com/definition/banderole-aerienne/index.html]
[www.definitions-marketing.com/definition/banner-blindness/index.html]
[www.definitions-marketing.com/glossaire/prestataires-marketing/index.html]
[www.definitions-marketing.com/definition/banniere-de-retargeting/index.html]
[www.definitions-marketing.com/definition/banniere-compagnon/index.html]
[www.definitions-marketing.com/definition/banniere-extensible/index.html]
[www.definitions-marketing.com/definition/banniere-geolocalisee/index.html]
[www.definitions-marketing.com/glossaire/metiers-du-marketing/index.html]
[www.definitions-marketing.com/definition/banniere-personnalisee-salon/index.html]
[www.definitions-marketing.com/definition/banniere-par-defaut/index.html]
[www.definitions-marketing.com/definition/banniere-publicitaire/index.html]
[www.definitions-marketing.com/definition/bant/index.html]
[www.definitions-marketing.com/glossaire/metiers-de-la-publicite/index.html]
[www.definitions-marketing.com/definition/bao/index.html]
[www.definitions-marketing.com/definition/barometre-clients-perdus/index.html]
[www.definitions-marketing.com/definition/barometre-dimage/index.html]
[www.definitions-marketing.com/definition/barometre-de-notoriete/index.html]
[www.definitions-marketing.com/glossaire/organisations-marketing/index.html]
[www.definitions-marketing.com/definition/barometre-des-competitions/index.html]
[www.definitions-marketing.com/definition/barometre-email-marketing/index.html]
[www.definitions-marketing.com/definition/barometre-marketing/index.html]
[www.definitions-marketing.com/glossaire/prix-marges-couts/index.html]
[www.definitions-marketing.com/definition/barrage-secretaire/index.html]
[www.definitions-marketing.com/definition/barometre-satisfaction-client/index.html]
[www.definitions-marketing.com/definition/barre-de-cashback/index.html]
[www.definitions-marketing.com/definition/barre-de-fidelisation/index.html]
[www.definitions-marketing.com/glossaire/psychologie-du-prix/index.html]
[www.definitions-marketing.com/definition/barriere-a-la-sortie/index.html]
[www.definitions-marketing.com/definition/barre-de-surf/index.html]
[www.definitions-marketing.com/definition/base-de-connaissances-en-centre-d-appels/index.html]
[www.definitions-marketing.com/definition/barter-ou-bartering/index.html]
[www.definitions-marketing.com/definition/base-de-donnees/index.html]
[www.definitions-marketing.com/glossaire/produit/index.html]
[www.definitions-marketing.com/definition/base-de-donnees-comportementale/index.html]
[www.definitions-marketing.com/definition/base-de-donnees-clients/index.html]
[www.definitions-marketing.com/definition/base-de-donnees-declarative/index.html]
[www.definitions-marketing.com/definition/base-de-donnees-marketing/index.html]
[www.definitions-marketing.com/definition/base-de-donnees-mutualisee/index.html]
[www.definitions-marketing.com/glossaire/packaging-et-emballage/index.html]
[www.definitions-marketing.com/definition/base-de-donnees-publicitaire/index.html]
[www.definitions-marketing.com/definition/base-de-donnees-produits/index.html]
[www.definitions-marketing.com/definition/base-de-donnees-relationnelles/index.html]
[www.definitions-marketing.com/glossaire/promotion-des-ventes/index.html]
[www.definitions-marketing.com/definition/base-de-sondage/index.html]
[www.definitions-marketing.com/definition/base-de-donnees-rp/index.html]
[www.definitions-marketing.com/definition/base-email-mutualisee/index.html]
[www.definitions-marketing.com/definition/base-mutualisee/index.html]
[www.definitions-marketing.com/glossaire/efficacite-promotionelle/index.html]
[www.definitions-marketing.com/definition/base-optin-tiers/index.html]
[www.definitions-marketing.com/definition/base-optin/index.html]
[www.definitions-marketing.com/definition/base-repoussoir/index.html]
[www.definitions-marketing.com/glossaire/gestion-promotionnelle/index.html]
[www.definitions-marketing.com/lettre-b/page/2/index.html]
[www.definitions-marketing.com/lettre-b/page/1/index.html]
[www.definitions-marketing.com/lettre-c/POST/index.html]
[www.definitions-marketing.com/lettre-b/page/3/index.html]
[www.definitions-marketing.com/definition/c-to-c/index.html]
[www.definitions-marketing.com/glossaire/la-promo-en-50-def/index.html]
[www.definitions-marketing.com/definition/c1-c2-c3-c4/index.html]
[www.definitions-marketing.com/definition/ca/index.html]
[www.definitions-marketing.com/definition/c2b/index.html]
[www.definitions-marketing.com/definition/c2c/index.html]
[www.definitions-marketing.com/glossaire/publicite-media/index.html]
[www.definitions-marketing.com/definition/cab/index.html]
[www.definitions-marketing.com/definition/ca-par-m2/index.html]
[www.definitions-marketing.com/definition/cabine-dessayage-connectee/index.html]
[www.definitions-marketing.com/definition/cabine-dessayage-intelligente/index.html]
[www.definitions-marketing.com/definition/cabine-dessayage-interactive/index.html]
[www.definitions-marketing.com/glossaire/publicite-presse-papier/index.html]
[www.definitions-marketing.com/definition/cabine-dimmersion/index.html]
[www.definitions-marketing.com/definition/cabine-d-essayage-virtuelle/index.html]
[www.definitions-marketing.com/definition/cac-en-marketing/index.html]
[www.definitions-marketing.com/glossaire/publicite-display-et-video-sur-internet/index.html]
[www.definitions-marketing.com/definition/cache-buster/index.html]
[www.definitions-marketing.com/definition/cache-borne-antivol/index.html]
[www.definitions-marketing.com/definition/cache-busting/index.html]
[www.definitions-marketing.com/definition/cache-palette/index.html]
[www.definitions-marketing.com/glossaire/retargeting/index.html]
[www.definitions-marketing.com/definition/caddie-connecte/index.html]
[www.definitions-marketing.com/definition/caching/index.html]
[www.definitions-marketing.com/definition/caddie-de-complaisance/index.html]
[www.definitions-marketing.com/definition/caddie-intelligent/index.html]
[www.definitions-marketing.com/glossaire/publicite-exterieure-affichage/index.html]
[www.definitions-marketing.com/definition/caddie-moyen-e-commerce/index.html]
[www.definitions-marketing.com/definition/caddie-moyen/index.html]
[www.definitions-marketing.com/definition/caddie-type/index.html]
[www.definitions-marketing.com/definition/caddie-virtuel/index.html]
[www.definitions-marketing.com/glossaire/publicite-tv/index.html]
[www.definitions-marketing.com/definition/cadeau-d-affaires/index.html]
[www.definitions-marketing.com/definition/cadeau/index.html]
[www.definitions-marketing.com/definition/cadeau-publicitaire/index.html]
[www.definitions-marketing.com/definition/cadeau-de-presse/index.html]
[www.definitions-marketing.com/definition/cadeau-trafic/index.html]
[www.definitions-marketing.com/glossaire/mediaplanning-tv/index.html]
[www.definitions-marketing.com/definition/cagnottage/index.html]
[www.definitions-marketing.com/definition/cadencier/index.html]
[www.definitions-marketing.com/definition/cagnottage-sur-carte/index.html]
[www.definitions-marketing.com/definition/cagnotte/index.html]
[www.definitions-marketing.com/definition/cah/index.html]
[www.definitions-marketing.com/glossaire/medias-tactiques/index.html]
[www.definitions-marketing.com/definition/caisse-automatique/index.html]
[www.definitions-marketing.com/definition/cahier-de-tendances/index.html]
[www.definitions-marketing.com/glossaire/efficacite-publicitaire/index.html]
[www.definitions-marketing.com/definition/caisse-tablette/index.html]
[www.definitions-marketing.com/definition/caisse-mobile/index.html]
[www.definitions-marketing.com/definition/calendrier-editorial/index.html]
[www.definitions-marketing.com/glossaire/radio/index.html]
[www.definitions-marketing.com/definition/calendrier-marketing/index.html]
[www.definitions-marketing.com/definition/calendrier-redactionnel/index.html]
[www.definitions-marketing.com/definition/calendrier-tarifaire/index.html]
[www.definitions-marketing.com/glossaire/vie-dagence/index.html]
[www.definitions-marketing.com/definition/call-blending/index.html]
[www.definitions-marketing.com/definition/call-back-2/index.html]
[www.definitions-marketing.com/glossaire/referencement-naturel-seo/index.html]
[www.definitions-marketing.com/definition/call-marketing/index.html]
[www.definitions-marketing.com/definition/call-center/index.html]
[www.definitions-marketing.com/definition/call-through/index.html]
[www.definitions-marketing.com/definition/call-to-action/index.html]
[www.definitions-marketing.com/glossaire/seo-black-hat/index.html]
[www.definitions-marketing.com/definition/call-to-action-cta-youtube/index.html]
[www.definitions-marketing.com/definition/call-tracking/index.html]
[www.definitions-marketing.com/definition/call-tracking-dynamique/index.html]
[www.definitions-marketing.com/glossaire/le-seo-en-50-def/index.html]
[www.definitions-marketing.com/definition/camelcase/index.html]
[www.definitions-marketing.com/definition/callbot/index.html]
[www.definitions-marketing.com/definition/camelcase-en-seo-sea/index.html]
[www.definitions-marketing.com/glossaire/netlinking-backlinking/index.html]
[www.definitions-marketing.com/definition/camera-oculaire/index.html]
[www.definitions-marketing.com/definition/camera-cachee-publicitaire/index.html]
[www.definitions-marketing.com/definition/campagne-adwords/index.html]
[www.definitions-marketing.com/glossaire/anatomie-serp/index.html]
[www.definitions-marketing.com/definition/campagne-automatique/index.html]
[www.definitions-marketing.com/definition/campagne-caritative/index.html]
[www.definitions-marketing.com/definition/campagne-collective/index.html]
[www.definitions-marketing.com/glossaire/seo-on-site-on-page/index.html]
[www.definitions-marketing.com/definition/campagne-d-acquisition/index.html]
[www.definitions-marketing.com/definition/campagne-conjointe/index.html]
[www.definitions-marketing.com/definition/campagne-dautopromotion/index.html]
[www.definitions-marketing.com/definition/campagne-d-affiliation/index.html]
[www.definitions-marketing.com/definition/campagne-dimage/index.html]
[www.definitions-marketing.com/glossaire/seo-technique/index.html]
[www.definitions-marketing.com/definition/campagne-de-branding/index.html]
[www.definitions-marketing.com/definition/campagne-dinfluence/index.html]
[www.definitions-marketing.com/definition/campagne-de-creation-de-trafic/index.html]
[www.definitions-marketing.com/glossaire/algos-indexation/index.html]
[www.definitions-marketing.com/definition/campagne-de-fundraising/index.html]
[www.definitions-marketing.com/definition/campagne-de-phoning/index.html]
[www.definitions-marketing.com/definition/campagne-de-rappel/index.html]
[www.definitions-marketing.com/glossaire/rp-evenementiel/index.html]
[www.definitions-marketing.com/definition/campagne-de-retargeting/index.html]
[www.definitions-marketing.com/glossaire/evenementiel/index.html]
[www.definitions-marketing.com/definition/campagne-email-permanente/index.html]
[www.definitions-marketing.com/glossaire/salons-foires/index.html]
[www.definitions-marketing.com/definition/campagne-multi-ecrans/index.html]
[www.definitions-marketing.com/glossaire/communication-de-crise/index.html]
[www.definitions-marketing.com/definition/campagne-plurimedia/index.html]
[www.definitions-marketing.com/glossaire/techniques-et-forces-de-vente/index.html]
[www.definitions-marketing.com/definition/campagne-relationnelle/index.html]
[www.definitions-marketing.com/glossaire/negociation-vente/index.html]
[www.definitions-marketing.com/definition/campagne-transactionnelle/index.html]
[www.definitions-marketing.com/glossaire/zautres-glossaires/index.html]
[www.definitions-marketing.com/definition/canal-court/index.html]
[www.definitions-marketing.com/glossaire/dictionnaire-anglais/index.html]
[www.definitions-marketing.com/definition/canal-direct/index.html]
[www.definitions-marketing.com/glossaire/inclassables/index.html]
[www.definitions-marketing.com/glossaire/marketing-sensoriel/index.html]
[www.definitions-marketing.com/glossaire/glossaires-en-chantier/index.html]
[www.definitions-marketing.com/glossaire/economie-de-la-start-up/index.html]
[www.definitions-marketing.com/glossaire/programmatique-et-rtb/index.html]
[www.definitions-marketing.com/glossaire/panels/index.html]
[www.definitions-marketing.com/glossaire/outils-logiciels-seo/index.html]
[www.definitions-marketing.com/glossaire/marketing-de-la-mode/index.html]
[www.definitions-marketing.com/glossaire/acronymes-seo/index.html]
[www.definitions-marketing.com/glossaire-conseils/index.html]
[www.definitions-marketing.com/POST/index.html]
[www.definitions-marketing.com/pages/template/search-js.html]
[www.definitions-marketing.com/definition/dataisation/index.html]
[www.definitions-marketing.com/definition/decoupling-de-production/index.html]
[www.definitions-marketing.com/definition/createur-de-contenu/index.html]
[www.definitions-marketing.com/definition/deep-dive/index.html]
[www.definitions-marketing.com/definition/deep-linking/index.html]
[www.definitions-marketing.com/definition/deep-linking-dapplication/index.html]
[www.definitions-marketing.com/definition/defeating-cache/index.html]
[www.definitions-marketing.com/definition/deep-linking-mobile/index.html]
[www.definitions-marketing.com/definition/degressif-volume/index.html]
[www.definitions-marketing.com/definition/dei/index.html]
[www.definitions-marketing.com/definition/deinfluencing/index.html]
[www.definitions-marketing.com/lettre-d/page/1/index.html]
[www.definitions-marketing.com/lettre-d/page/2/index.html]
[www.definitions-marketing.com/lettre-d/page/3/index.html]
[www.definitions-marketing.com/lettre-e/POST/index.html]
[www.definitions-marketing.com/definition/e-card-publicitaire/index.html]
[www.definitions-marketing.com/definition/e-commerce/index.html]
[www.definitions-marketing.com/definition/e-commerce-b2b/index.html]
[www.definitions-marketing.com/definition/e-commerce-c2c/index.html]
[www.definitions-marketing.com/definition/e-commerce-cross-border/index.html]
[www.definitions-marketing.com/definition/e-commerce-de-la-decouverte/index.html]
[www.definitions-marketing.com/definition/e-commerce-de-reapprovisionnement/index.html]
[www.definitions-marketing.com/definition/e-commerce-par-abonnement/index.html]
[www.definitions-marketing.com/definition/e-crm/index.html]
[www.definitions-marketing.com/definition/e-influencer/index.html]
[www.definitions-marketing.com/definition/e-influenceur/index.html]
[www.definitions-marketing.com/definition/e-marketing-local/index.html]
[www.definitions-marketing.com/definition/e-merchandiser/index.html]
[www.definitions-marketing.com/definition/e-merchandising/index.html]
[www.definitions-marketing.com/definition/e-odr/index.html]
[www.definitions-marketing.com/definition/e-privacy/index.html]
[www.definitions-marketing.com/definition/oui-pub/index.html]
[www.definitions-marketing.com/definition/e-prm/index.html]
[www.definitions-marketing.com/definition/e-procurement/index.html]
[www.definitions-marketing.com/definition/e-retail-media/index.html]
[www.definitions-marketing.com/definition/e-reputation-management/index.html]
[www.definitions-marketing.com/definition/e-reputation/index.html]
[www.definitions-marketing.com/definition/e-reservation-produit/index.html]
[www.definitions-marketing.com/definition/e-robinson/index.html]
[www.definitions-marketing.com/definition/e-rp/index.html]
[www.definitions-marketing.com/definition/e-support/index.html]
[www.definitions-marketing.com/definition/e-ticket/index.html]
[www.definitions-marketing.com/definition/eaca/index.html]
[www.definitions-marketing.com/definition/ean/index.html]
[www.definitions-marketing.com/definition/early-adopter/index.html]
[www.definitions-marketing.com/definition/early-bird/index.html]
[www.definitions-marketing.com/definition/earn-and-burn/index.html]
[www.definitions-marketing.com/definition/earned-media/index.html]
[www.definitions-marketing.com/definition/eas/index.html]
[www.definitions-marketing.com/definition/eat-google-en-seo/index.html]
[www.definitions-marketing.com/definition/eat-in-store/index.html]
[www.definitions-marketing.com/definition/ebook/index.html]
[www.definitions-marketing.com/definition/ebpp/index.html]
[www.definitions-marketing.com/definition/echange-de-liens/index.html]
[www.definitions-marketing.com/definition/echange-publicitaire/index.html]
[www.definitions-marketing.com/definition/echantillon-aleatoire/index.html]
[www.definitions-marketing.com/definition/echantillon-de-convenance/index.html]
[www.definitions-marketing.com/definition/echantillon-etude/index.html]
[www.definitions-marketing.com/definition/echantillon-national-representatif/index.html]
[www.definitions-marketing.com/definition/echantillon-produit-gratuit/index.html]
[www.definitions-marketing.com/definition/echantillon-promotion/index.html]
[www.definitions-marketing.com/definition/echantillon-representatif/index.html]
[www.definitions-marketing.com/definition/echantillonnage-a-la-demande/index.html]
[www.definitions-marketing.com/definition/echantillonnage-croise/index.html]
[www.definitions-marketing.com/definition/echantillonnage-en-marketing/index.html]
[www.definitions-marketing.com/definition/echantillonnage-etude/index.html]
[www.definitions-marketing.com/definition/echantillonnage-evenementiel/index.html]
[www.definitions-marketing.com/definition/echantillonnage-mutualise/index.html]
[www.definitions-marketing.com/definition/echantillonnage-presse/index.html]
[www.definitions-marketing.com/definition/echantillonnage-produit/index.html]
[www.definitions-marketing.com/definition/echantillonnage-promotionnel/index.html]
[www.definitions-marketing.com/definition/echantillons-apparies/index.html]
[www.definitions-marketing.com/definition/echelle-d-affinite/index.html]
[www.definitions-marketing.com/definition/echelle-d-attitude/index.html]
[www.definitions-marketing.com/definition/echelle-d-economie/index.html]
[www.definitions-marketing.com/definition/echelle-de-juster/index.html]
[www.definitions-marketing.com/definition/data-clean-room/index.html]
[www.definitions-marketing.com/definition/echelle-de-mediaplanning/index.html]
[www.definitions-marketing.com/definition/echelle-de-likert/index.html]
[www.definitions-marketing.com/definition/echelle-de-puissance/index.html]
[www.definitions-marketing.com/definition/echelle-des-couts-au-contact/index.html]
[www.definitions-marketing.com/definition/echelle-differentielle-d-osgood/index.html]
[www.definitions-marketing.com/definition/echelle-mathematique/index.html]
[www.definitions-marketing.com/definition/echelle-numerique/index.html]
[www.definitions-marketing.com/definition/marketing-ethique/index.html]
[www.definitions-marketing.com/definition/echelle-semantique-differentielle/index.html]
[www.definitions-marketing.com/definition/eco-conception-de-plv/index.html]
[www.definitions-marketing.com/definition/eco-conception-en-emailing/index.html]
[www.definitions-marketing.com/definition/eco-conception-emballage-packaging/index.html]
[www.definitions-marketing.com/definition/ecoblanchiment/index.html]
[www.definitions-marketing.com/definition/ecofax/index.html]
[www.definitions-marketing.com/definition/economie-collaborative/index.html]
[www.definitions-marketing.com/definition/economie-comportementale/index.html]
[www.definitions-marketing.com/definition/economie-d-echelles/index.html]
[www.definitions-marketing.com/definition/economie-de-labonnement/index.html]
[www.definitions-marketing.com/definition/economie-de-l-attention/index.html]
[www.definitions-marketing.com/definition/zero-party-data/index.html]
[www.definitions-marketing.com/definition/economie-de-lexperience/index.html]
[www.definitions-marketing.com/definition/economie-de-la-confiance/index.html]
[www.definitions-marketing.com/definition/economie-de-la-notation/index.html]
[www.definitions-marketing.com/definition/economie-du-partage/index.html]
[www.definitions-marketing.com/definition/economie-du-reapprovisionnement/index.html]
[www.definitions-marketing.com/definition/ecoute-active/index.html]
[www.definitions-marketing.com/definition/ecoute-active-en-radio/index.html]
[www.definitions-marketing.com/definition/ecoute-a-chaud/index.html]
[www.definitions-marketing.com/definition/ecoute-client/index.html]
[www.definitions-marketing.com/definition/ecoute-collaborateur/index.html]
[www.definitions-marketing.com/definition/ecoute-ou-audience-conjointe/index.html]
[www.definitions-marketing.com/definition/ecoute-sociale/index.html]
[www.definitions-marketing.com/definition/ecoute-visuelle/index.html]
[www.definitions-marketing.com/definition/ecpm/index.html]
[www.definitions-marketing.com/definition/ecr/index.html]
[www.definitions-marketing.com/definition/ecran-court/index.html]
[www.definitions-marketing.com/definition/ecran-d-aide-a-la-vente/index.html]
[www.definitions-marketing.com/definition/ecran-miroir/index.html]
[www.definitions-marketing.com/definition/ecran-publicitaire-2/index.html]
[www.definitions-marketing.com/definition/ecran-publicitaire-contextualise/index.html]
[www.definitions-marketing.com/definition/ecran-publicitaire/index.html]
[www.definitions-marketing.com/lettre-e/page/1/index.html]
[www.definitions-marketing.com/lettre-e/page/2/index.html]
[www.definitions-marketing.com/lettre-e/page/3/index.html]
[www.definitions-marketing.com/lettre-f/POST/index.html]
[www.definitions-marketing.com/definition/fb-en-hotellerie/index.html]
[www.definitions-marketing.com/definition/fb-manager/index.html]
[www.definitions-marketing.com/definition/f-commerce/index.html]
[www.definitions-marketing.com/definition/hypno-marketing/index.html]
[www.definitions-marketing.com/definition/f-store/index.html]
[www.definitions-marketing.com/definition/f2p/index.html]
[www.definitions-marketing.com/definition/face/index.html]
[www.definitions-marketing.com/definition/face-digitale/index.html]
[www.definitions-marketing.com/definition/face-a-face/index.html]
[www.definitions-marketing.com/definition/face-en-affichage/index.html]
[www.definitions-marketing.com/definition/face-negative/index.html]
[www.definitions-marketing.com/definition/face-positive/index.html]
[www.definitions-marketing.com/definition/face-texte/index.html]
[www.definitions-marketing.com/definition/facebook-ad/index.html]
[www.definitions-marketing.com/definition/facebook-commerce/index.html]
[www.definitions-marketing.com/definition/facebook-connect/index.html]
[www.definitions-marketing.com/definition/analyse-des-intonations/index.html]
[www.definitions-marketing.com/definition/facebook-graph-search-api/index.html]
[www.definitions-marketing.com/definition/facebook-insights/index.html]
[www.definitions-marketing.com/definition/facebook-offers/index.html]
[www.definitions-marketing.com/definition/facebook-topic-data/index.html]
[www.definitions-marketing.com/definition/facial-coding/index.html]
[www.definitions-marketing.com/definition/facility-management/index.html]
[www.definitions-marketing.com/definition/facing/index.html]
[www.definitions-marketing.com/definition/facing-automatique/index.html]
[www.definitions-marketing.com/definition/facs/index.html]
[www.definitions-marketing.com/definition/facteur-de-differenciation/index.html]
[www.definitions-marketing.com/definition/economie-de-lemotion/index.html]
[www.definitions-marketing.com/definition/factice-geant/index.html]
[www.definitions-marketing.com/definition/faconnage/index.html]
[www.definitions-marketing.com/definition/fai/index.html]
[www.definitions-marketing.com/definition/fail-and-learn/index.html]
[www.definitions-marketing.com/definition/fail-en-publicite/index.html]
[www.definitions-marketing.com/definition/fail-marketing/index.html]
[www.definitions-marketing.com/definition/fake-video/index.html]
[www.definitions-marketing.com/definition/fakefluencer/index.html]
[www.definitions-marketing.com/definition/family-vlog/index.html]
[www.definitions-marketing.com/definition/fan/index.html]
[www.definitions-marketing.com/definition/publicite-asmr/index.html]
[www.definitions-marketing.com/definition/fan-de-marque/index.html]
[www.definitions-marketing.com/definition/fan-experience/index.html]
[www.definitions-marketing.com/definition/fan-facebook/index.html]
[www.definitions-marketing.com/definition/fan-gate-facebook/index.html]
[www.definitions-marketing.com/definition/fan-relationship-management/index.html]
[www.definitions-marketing.com/definition/fan-gating/index.html]
[www.definitions-marketing.com/definition/faq/index.html]
[www.definitions-marketing.com/definition/faq-seo/index.html]
[www.definitions-marketing.com/definition/faq-youtube/index.html]
[www.definitions-marketing.com/definition/farm-links/index.html]
[www.definitions-marketing.com/definition/fast-data/index.html]
[www.definitions-marketing.com/definition/fast-fashion/index.html]
[www.definitions-marketing.com/definition/captologie/index.html]
[www.definitions-marketing.com/definition/fast-shopping/index.html]
[www.definitions-marketing.com/definition/fast-tv/index.html]
[www.definitions-marketing.com/definition/fat-finger/index.html]
[www.definitions-marketing.com/definition/fausse-cooperation-commerciale/index.html]
[www.definitions-marketing.com/definition/fat-thumb/index.html]
[www.definitions-marketing.com/definition/fausse-installation-dapplication/index.html]
[www.definitions-marketing.com/definition/faux-avis-consommateur/index.html]
[www.definitions-marketing.com/definition/faux-bad-buzz/index.html]
[www.definitions-marketing.com/definition/faux-influenceur/index.html]
[www.definitions-marketing.com/definition/faux-negatif-en-ab-testing/index.html]
[www.definitions-marketing.com/video/video-229-l-affichage-camion/index.html]
