[www.pkotler.org/index.html]
[backblue.gif]
[fade.gif]
[index.html]
[www.pkotler.org/bio.html]
[www.pkotler.org/quotes-from-pk.html]
[www.pkotler.org/quotes-about-pk.html]
[www.pkotler.org/pubs.html]
[www.pkotler.org/photos.html]
[www.pkotler.org/videos.html]
[www.pkotler.org/kotlers-book-covers.html]
[www.pkotler.org/world-mktg-summit.html]
[www.pkotler.org/hire-us.html]
[www.pkotler.org/blog.html]
[www.pkotler.org/index.html]
[www.pkotler.org/bio.html]
[www.pkotler.org/quotes-from-pk.html]
[www.pkotler.org/quotes-about-pk.html]
[www.pkotler.org/books.html]
[www.pkotler.org/journal.html]
[www.pkotler.org/web.html]
[www.pkotler.org/covers.html]
[www.pkotler.org/pubs.html]
[www.pkotler.org/awards]
[www.pkotler.org/photos.html]
[www.pkotler.org/_/www.youtube.com/embed/5GSvqsP6paY.10fd74.delayed]
[www.pkotler.org/_/www.youtube.com/embed/9Pn6om4NGRQ.118873.delayed]
[www.pkotler.org/_/www.youtube.com/embed/2LKV7ZrhwDI.12ab4d.delayed]
[www.pkotler.org/videos.html]
[www.pkotler.org/kotlers-book-covers.html]
[www.pkotler.org/world-mktg-summit.html]
[www.pkotler.org/hire-us.html]
[www.pkotler.org/bloga409]
[www.pkotler.org/blogd764.html]
[www.pkotler.org/blog/2024/2/11/kotler-books-published-earlier-1.html]
[www.pkotler.org/blog/2024/2/11/kotler-books-published-earlier.html]
[www.pkotler.org/blog/2024/2/1/planned-kotler-publications-for-2024-1.html]
[www.pkotler.org/blog/2023/8/3/regeneration-the-future-of-community-in-a-permacrisis-world.html]
[www.pkotler.org/blog/2020/11/2/hxmfuz7m44bejehjbqjafpcisvxy8a.html]
[www.pkotler.org/blog/2020/10/29/see-my-9-articles-on-medium-go-to-medium-and-click-on-and-read-any-article-you-wish.html]
[www.pkotler.org/blog/2020/10/29/attend-the-lectures-by-60-top-professors-at-ewms-1.html]
[www.pkotler.org/blog/2019/11/16/t0y8ianixux5r5jc2792ottxtwze5r.html]
[www.pkotler.org/blog/2019/4/13/the-age-of-ecosystem-strategy.html]
[www.pkotler.org/blog4334.html]
[www.pkotler.org/blog.html]
[www.pkotler.org/universal/svg/social-accounts.svg]
[www.pkotler.org/books.html]
[www.pkotler.org/journal.html]
[www.pkotler.org/web.html]
[www.pkotler.org/covers.html]
[www.pkotler.org/awards]
[www.pkotler.org/_/www.youtube.com/embed/5GSvqsP6paYfd74.html]
[www.pkotler.org/_/www.youtube.com/embed/9Pn6om4NGRQ8873.html]
[www.pkotler.org/_/www.youtube.com/embed/2LKV7ZrhwDIab4d.html]
[www.pkotler.org/blog22a2.html]
[www.pkotler.org/blogd764.html]
[www.pkotler.org/blog/2024/2/11/kotler-books-published-earlier-1.html]
[www.pkotler.org/blog/2024/2/11/kotler-books-published-earlier.html]
[www.pkotler.org/blog/2024/2/1/planned-kotler-publications-for-2024-1.html]
[www.pkotler.org/blog/2023/8/3/regeneration-the-future-of-community-in-a-permacrisis-world.html]
[www.pkotler.org/blog/2020/11/2/hxmfuz7m44bejehjbqjafpcisvxy8a.html]
[www.pkotler.org/blog/2020/10/29/see-my-9-articles-on-medium-go-to-medium-and-click-on-and-read-any-article-you-wish.html]
[www.pkotler.org/blog/2020/10/29/attend-the-lectures-by-60-top-professors-at-ewms-1.html]
[www.pkotler.org/blog/2019/11/16/t0y8ianixux5r5jc2792ottxtwze5r.html]
[www.pkotler.org/blog/2019/1/25/the-kotler-collection-at-the-john-and-mable-ringling-museum-of-art-sarasota-florida.html]
[www.pkotler.org/blog/2019/4/13/the-age-of-ecosystem-strategy.html]
[www.pkotler.org/blog/2019/1/24/the-brand-activism-workshop.html]
[www.pkotler.org/blog/2019/1/24/my-adventures-in-marketing.html]
[www.pkotler.org/blog/2019/1/24/a-list-of-kotler-related-websites.html]
[www.pkotler.org/blog/2018/8/12/kotler-will-travel-and-teach-in-europe-2018.html]
[www.pkotler.org/blog3814.html]
[www.pkotler.org/blog4334.html]
